[
  {
    "asof_date": "2025-01-01",
    "source_file": "eugp_golden.xlsx",
    "sheet_name": "Fixed Prices - Mid",
    "asset_class": "power",
    "region": "EU",
    "iso": "TTF",
    "location": "gas",
    "market": "TTF",
    "product": "fixed prices",
    "block": "BASE",
    "spark_location": "TTF",
    "price_type": "MID",
    "units_raw": "EUR/MWH",
    "currency": "EUR",
    "per_unit": "MWh",
    "tenor_type": "MONTHLY",
    "contract_month": "2025-01-01",
    "tenor_label": "2025-01",
    "value": 32.1,
    "bid": 31.5,
    "ask": 32.5,
    "mid": 32.1,
    "curve_key": "199ad9eea820f178321d982f9b137d24491a9d27ae25e66f082fdbec4cfd6bda",
    "version_hash": "6b54b44b76295df43c7fddba6d913e93e869768ad0a738cb77fbd119c7aad419"
  },
  {
    "asof_date": "2025-01-01",
    "source_file": "eugp_golden.xlsx",
    "sheet_name": "Fixed Prices - Mid",
    "asset_class": "power",
    "region": "EU",
    "iso": "TTF",
    "location": "gas",
    "market": "TTF",
    "product": "fixed prices",
    "block": "BASE",
    "spark_location": "TTF",
    "price_type": "MID",
    "units_raw": "EUR/MWH",
    "currency": "EUR",
    "per_unit": "MWh",
    "tenor_type": "MONTHLY",
    "contract_month": "2025-02-01",
    "tenor_label": "2025-02",
    "value": 33.4,
    "bid": 32.5,
    "ask": 34.5,
    "mid": 33.4,
    "curve_key": "199ad9eea820f178321d982f9b137d24491a9d27ae25e66f082fdbec4cfd6bda",
    "version_hash": "6b54b44b76295df43c7fddba6d913e93e869768ad0a738cb77fbd119c7aad419"
  },
  {
    "asof_date": "2025-01-01",
    "source_file": "eugp_golden.xlsx",
    "sheet_name": "Spark Spread",
    "asset_class": "power",
    "region": "EU",
    "iso": "TTF",
    "location": "power",
    "market": "TTF",
    "product": "spark spread",
    "block": "BASE",
    "spark_location": "TTF",
    "price_type": "MID",
    "units_raw": "EUR/MWH",
    "currency": "EUR",
    "per_unit": "MWh",
    "tenor_type": "MONTHLY",
    "contract_month": "2025-01-01",
    "tenor_label": "2025-01",
    "value": 5.1,
    "bid": null,
    "ask": null,
    "mid": 5.1,
    "curve_key": "6e7685eb48fa1065809d0cb760a106e1b9089f47d004d0413aca4a40222d9bc2",
    "version_hash": "5c6fb97b701514cead5878ff54b8263843e478b041696608169cd55160fb8ef9"
  }
]