[
  {
    "asof_date": "2025-01-01",
    "source_file": "pw_golden.xlsx",
    "sheet_name": "Fixed Prices - Mid",
    "asset_class": "power",
    "region": "US",
    "iso": "PJM",
    "location": "AECO",
    "market": "DA",
    "product": "power",
    "block": "ON_PEAK",
    "spark_location": "AECO HUB",
    "price_type": "MID",
    "units_raw": "CAD/MWH",
    "currency": "CAD",
    "per_unit": "MWh",
    "tenor_type": "MONTHLY",
    "contract_month": "2025-01-01",
    "tenor_label": "2025-01",
    "value": 45.5,
    "bid": 45.0,
    "ask": 46.0,
    "mid": 45.5,
    "curve_key": "b897bf63b9732a4d967210f49b638e8d507cce8672bce9c97cf965a9f71ad8e5",
    "version_hash": "3e44be31476aec5680ba0d39838ecb49b63875828a0d1bf3b37ba0b97ada1e95"
  },
  {
    "asof_date": "2025-01-01",
    "source_file": "pw_golden.xlsx",
    "sheet_name": "Fixed Prices - Mid",
    "asset_class": "power",
    "region": "US",
    "iso": "PJM",
    "location": "AECO",
    "market": "DA",
    "product": "power",
    "block": "ON_PEAK",
    "spark_location": "AECO HUB",
    "price_type": "MID",
    "units_raw": "CAD/MWH",
    "currency": "CAD",
    "per_unit": "MWh",
    "tenor_type": "MONTHLY",
    "contract_month": "2025-01-01",
    "tenor_label": "2025-01",
    "value": 45.5,
    "bid": 46.5,
    "ask": 47.5,
    "mid": 45.5,
    "curve_key": "b897bf63b9732a4d967210f49b638e8d507cce8672bce9c97cf965a9f71ad8e5",
    "version_hash": "3e44be31476aec5680ba0d39838ecb49b63875828a0d1bf3b37ba0b97ada1e95"
  },
  {
    "asof_date": "2025-01-01",
    "source_file": "pw_golden.xlsx",
    "sheet_name": "Fixed Prices - Mid",
    "asset_class": "power",
    "region": "US",
    "iso": "PJM",
    "location": "AECO",
    "market": "DA",
    "product": "power",
    "block": "ON_PEAK",
    "spark_location": "AECO HUB",
    "price_type": "MID",
    "units_raw": "USD/MWH",
    "currency": "USD",
    "per_unit": "MWh",
    "tenor_type": "MONTHLY",
    "contract_month": "2025-01-01",
    "tenor_label": "2025-01",
    "value": 47.0,
    "bid": 45.0,
    "ask": 46.0,
    "mid": 47.0,
    "curve_key": "b897bf63b9732a4d967210f49b638e8d507cce8672bce9c97cf965a9f71ad8e5",
    "version_hash": "3e44be31476aec5680ba0d39838ecb49b63875828a0d1bf3b37ba0b97ada1e95"
  },
  {
    "asof_date": "2025-01-01",
    "source_file": "pw_golden.xlsx",
    "sheet_name": "Fixed Prices - Mid",
    "asset_class": "power",
    "region": "US",
    "iso": "PJM",
    "location": "AECO",
    "market": "DA",
    "product": "power",
    "block": "ON_PEAK",
    "spark_location": "AECO HUB",
    "price_type": "MID",
    "units_raw": "USD/MWH",
    "currency": "USD",
    "per_unit": "MWh",
    "tenor_type": "MONTHLY",
    "contract_month": "2025-01-01",
    "tenor_label": "2025-01",
    "value": 47.0,
    "bid": 46.5,
    "ask": 47.5,
    "mid": 47.0,
    "curve_key": "b897bf63b9732a4d967210f49b638e8d507cce8672bce9c97cf965a9f71ad8e5",
    "version_hash": "3e44be31476aec5680ba0d39838ecb49b63875828a0d1bf3b37ba0b97ada1e95"
  },
  {
    "asof_date": "2025-01-01",
    "source_file": "pw_golden.xlsx",
    "sheet_name": "Fixed Prices - Mid",
    "asset_class": "power",
    "region": "US",
    "iso": "PJM",
    "location": "AECO",
    "market": "DA",
    "product": "power",
    "block": "ON_PEAK",
    "spark_location": "AECO HUB",
    "price_type": "MID",
    "units_raw": "CAD/MWH",
    "currency": "CAD",
    "per_unit": "MWh",
    "tenor_type": "MONTHLY",
    "contract_month": "2025-02-01",
    "tenor_label": "2025-02",
    "value": 46.1,
    "bid": 46.0,
    "ask": 47.5,
    "mid": 46.1,
    "curve_key": "b897bf63b9732a4d967210f49b638e8d507cce8672bce9c97cf965a9f71ad8e5",
    "version_hash": "3e44be31476aec5680ba0d39838ecb49b63875828a0d1bf3b37ba0b97ada1e95"
  },
  {
    "asof_date": "2025-01-01",
    "source_file": "pw_golden.xlsx",
    "sheet_name": "Fixed Prices - Mid",
    "asset_class": "power",
    "region": "US",
    "iso": "PJM",
    "location": "AECO",
    "market": "DA",
    "product": "power",
    "block": "ON_PEAK",
    "spark_location": "AECO HUB",
    "price_type": "MID",
    "units_raw": "USD/MWH",
    "currency": "USD",
    "per_unit": "MWh",
    "tenor_type": "MONTHLY",
    "contract_month": "2025-02-01",
    "tenor_label": "2025-02",
    "value": 47.8,
    "bid": 46.0,
    "ask": 47.5,
    "mid": 47.8,
    "curve_key": "b897bf63b9732a4d967210f49b638e8d507cce8672bce9c97cf965a9f71ad8e5",
    "version_hash": "3e44be31476aec5680ba0d39838ecb49b63875828a0d1bf3b37ba0b97ada1e95"
  },
  {
    "asof_date": "2025-01-01",
    "source_file": "pw_golden.xlsx",
    "sheet_name": "Strips - Mid",
    "asset_class": "power",
    "region": "US",
    "iso": "PJM",
    "location": "AECO",
    "market": "DA",
    "product": "power",
    "block": null,
    "spark_location": null,
    "price_type": "MID",
    "units_raw": "USD/MWH",
    "currency": "USD",
    "per_unit": "MWh",
    "tenor_type": "SEASON",
    "contract_month": null,
    "tenor_label": "Bal 2025",
    "value": 52.5,
    "bid": null,
    "ask": null,
    "mid": 52.5,
    "curve_key": "646b7e09ff653784525addfd37645bb6de4d98998f8c2c0242956a6a73df3bdb",
    "version_hash": "030617a6c5740bbeaf73139f97153d7560d2f7b5c59b1ca6a32691096265bef8"
  },
  {
    "asof_date": "2025-01-01",
    "source_file": "pw_golden.xlsx",
    "sheet_name": "Strips - Mid",
    "asset_class": "power",
    "region": "US",
    "iso": "PJM",
    "location": "AECO",
    "market": "DA",
    "product": "power",
    "block": null,
    "spark_location": null,
    "price_type": "MID",
    "units_raw": "USD/MWH",
    "currency": "USD",
    "per_unit": "MWh",
    "tenor_type": "QUARTER",
    "contract_month": null,
    "tenor_label": "Q1 2025",
    "value": 53.2,
    "bid": null,
    "ask": null,
    "mid": 53.2,
    "curve_key": "646b7e09ff653784525addfd37645bb6de4d98998f8c2c0242956a6a73df3bdb",
    "version_hash": "030617a6c5740bbeaf73139f97153d7560d2f7b5c59b1ca6a32691096265bef8"
  }
]